Setting pipeline to PAUSED ...
Pipeline is PREROLLING ...
Redistribute latency...
DRM_IOCTL_VERSION, unsupported drm device by media driver: nouv
DRM_IOCTL_VERSION, unsupported drm device by media driver: nouv
Got context from element 'vah264dec0': gst.va.display.handle=context, gst-display=(GstObject)"\(GstVaDisplayDrm\)\ vadisplaydrm2", description=(string)"Intel\(R\)\ Gen\ Graphics", path=(string)/dev/dri/renderD129;
Redistribute latency...
Redistribute latency...
Redistribute latency...
Pipeline is PREROLLED ...
Setting pipeline to PLAYING ...
New clock: GstSystemClock
Redistribute latency...
FpsCounter(last 1.05sec): total=18.18 fps, number-streams=1, per-stream=18.18 fps
FpsCounter(average 1.05sec): total=18.18 fps, number-streams=1, per-stream=18.18 fps
FpsCounter(last 1.06sec): total=11.37 fps, number-streams=1, per-stream=11.37 fps
FpsCounter(average 2.10sec): total=14.75 fps, number-streams=1, per-stream=14.75 fps
FpsCounter(last 1.06sec): total=10.33 fps, number-streams=1, per-stream=10.33 fps
FpsCounter(average 3.17sec): total=13.27 fps, number-streams=1, per-stream=13.27 fps
FpsCounter(last 1.03sec): total=7.79 fps, number-streams=1, per-stream=7.79 fps
FpsCounter(average 4.19sec): total=11.93 fps, number-streams=1, per-stream=11.93 fps
FpsCounter(last 1.08sec): total=6.45 fps, number-streams=1, per-stream=6.45 fps
FpsCounter(average 5.28sec): total=10.80 fps, number-streams=1, per-stream=10.80 fps
FpsCounter(last 1.13sec): total=6.20 fps, number-streams=1, per-stream=6.20 fps
FpsCounter(average 6.41sec): total=9.99 fps, number-streams=1, per-stream=9.99 fps
FpsCounter(last 1.05sec): total=9.55 fps, number-streams=1, per-stream=9.55 fps
FpsCounter(average 7.45sec): total=9.93 fps, number-streams=1, per-stream=9.93 fps
FpsCounter(last 1.06sec): total=13.23 fps, number-streams=1, per-stream=13.23 fps
FpsCounter(average 8.51sec): total=10.34 fps, number-streams=1, per-stream=10.34 fps
FpsCounter(last 1.07sec): total=13.07 fps, number-streams=1, per-stream=13.07 fps
FpsCounter(average 9.58sec): total=10.64 fps, number-streams=1, per-stream=10.64 fps
FpsCounter(last 1.01sec): total=12.83 fps, number-streams=1, per-stream=12.83 fps
FpsCounter(average 10.60sec): total=10.85 fps, number-streams=1, per-stream=10.85 fps
FpsCounter(last 1.01sec): total=13.91 fps, number-streams=1, per-stream=13.91 fps
FpsCounter(average 11.60sec): total=11.12 fps, number-streams=1, per-stream=11.12 fps
FpsCounter(last 1.02sec): total=13.73 fps, number-streams=1, per-stream=13.73 fps
FpsCounter(average 12.62sec): total=11.33 fps, number-streams=1, per-stream=11.33 fps
FpsCounter(last 1.01sec): total=14.82 fps, number-streams=1, per-stream=14.82 fps
FpsCounter(average 13.63sec): total=11.59 fps, number-streams=1, per-stream=11.59 fps
FpsCounter(last 1.03sec): total=14.54 fps, number-streams=1, per-stream=14.54 fps
FpsCounter(average 14.67sec): total=11.80 fps, number-streams=1, per-stream=11.80 fps
FpsCounter(last 1.04sec): total=14.48 fps, number-streams=1, per-stream=14.48 fps
FpsCounter(average 15.70sec): total=11.97 fps, number-streams=1, per-stream=11.97 fps
FpsCounter(last 1.03sec): total=12.67 fps, number-streams=1, per-stream=12.67 fps
FpsCounter(average 16.73sec): total=12.02 fps, number-streams=1, per-stream=12.02 fps
FpsCounter(last 1.06sec): total=10.35 fps, number-streams=1, per-stream=10.35 fps
FpsCounter(average 17.79sec): total=11.92 fps, number-streams=1, per-stream=11.92 fps
FpsCounter(last 1.07sec): total=11.19 fps, number-streams=1, per-stream=11.19 fps
FpsCounter(average 18.87sec): total=11.87 fps, number-streams=1, per-stream=11.87 fps
FpsCounter(last 1.02sec): total=13.73 fps, number-streams=1, per-stream=13.73 fps
FpsCounter(average 19.88sec): total=11.97 fps, number-streams=1, per-stream=11.97 fps
FpsCounter(last 1.03sec): total=18.42 fps, number-streams=1, per-stream=18.42 fps
FpsCounter(average 20.91sec): total=12.29 fps, number-streams=1, per-stream=12.29 fps
FpsCounter(last 1.01sec): total=20.75 fps, number-streams=1, per-stream=20.75 fps
FpsCounter(average 21.93sec): total=12.68 fps, number-streams=1, per-stream=12.68 fps
FpsCounter(last 1.01sec): total=21.84 fps, number-streams=1, per-stream=21.84 fps
FpsCounter(average 22.93sec): total=13.08 fps, number-streams=1, per-stream=13.08 fps
FpsCounter(last 1.01sec): total=21.74 fps, number-streams=1, per-stream=21.74 fps
FpsCounter(average 23.95sec): total=13.45 fps, number-streams=1, per-stream=13.45 fps
FpsCounter(last 0.89sec): total=21.30 fps, number-streams=1, per-stream=21.30 fps
FpsCounter(overall 24.84sec): total=13.73 fps, number-streams=1, per-stream=13.73 fps
Got EOS from element "pipeline0".
Execution ended after 0:00:24.822115480
Setting pipeline to NULL ...
Freeing pipeline ...
