Setting pipeline to PAUSED ...
Pipeline is PREROLLING ...
Redistribute latency...
DRM_IOCTL_VERSION, unsupported drm device by media driver: nouv
DRM_IOCTL_VERSION, unsupported drm device by media driver: nouv
Got context from element 'vah264dec0': gst.va.display.handle=context, gst-display=(GstObject)"\(GstVaDisplayDrm\)\ vadisplaydrm2", description=(string)"Intel\(R\)\ Gen\ Graphics", path=(string)/dev/dri/renderD129;
Redistribute latency...
Redistribute latency...
Redistribute latency...
Pipeline is PREROLLED ...
Setting pipeline to PLAYING ...
Redistribute latency...
New clock: GstSystemClock
FpsCounter(last 1.14sec): total=6.12 fps, number-streams=1, per-stream=6.12 fps
FpsCounter(average 1.14sec): total=6.12 fps, number-streams=1, per-stream=6.12 fps
FpsCounter(last 1.03sec): total=4.83 fps, number-streams=1, per-stream=4.83 fps
FpsCounter(average 2.18sec): total=5.51 fps, number-streams=1, per-stream=5.51 fps
FpsCounter(last 1.30sec): total=3.86 fps, number-streams=1, per-stream=3.86 fps
FpsCounter(average 3.47sec): total=4.89 fps, number-streams=1, per-stream=4.89 fps
FpsCounter(last 1.07sec): total=4.66 fps, number-streams=1, per-stream=4.66 fps
FpsCounter(average 4.55sec): total=4.84 fps, number-streams=1, per-stream=4.84 fps
FpsCounter(last 1.07sec): total=4.68 fps, number-streams=1, per-stream=4.68 fps
FpsCounter(average 5.61sec): total=4.81 fps, number-streams=1, per-stream=4.81 fps
FpsCounter(last 1.12sec): total=5.34 fps, number-streams=1, per-stream=5.34 fps
FpsCounter(average 6.74sec): total=4.90 fps, number-streams=1, per-stream=4.90 fps
FpsCounter(last 1.09sec): total=5.52 fps, number-streams=1, per-stream=5.52 fps
FpsCounter(average 7.82sec): total=4.98 fps, number-streams=1, per-stream=4.98 fps
FpsCounter(last 1.13sec): total=5.31 fps, number-streams=1, per-stream=5.31 fps
FpsCounter(average 8.96sec): total=5.02 fps, number-streams=1, per-stream=5.02 fps
FpsCounter(last 1.10sec): total=7.26 fps, number-streams=1, per-stream=7.26 fps
FpsCounter(average 10.06sec): total=5.27 fps, number-streams=1, per-stream=5.27 fps
FpsCounter(last 1.13sec): total=7.06 fps, number-streams=1, per-stream=7.06 fps
FpsCounter(average 11.19sec): total=5.45 fps, number-streams=1, per-stream=5.45 fps
Redistribute latency...
FpsCounter(last 1.02sec): total=6.84 fps, number-streams=1, per-stream=6.84 fps
FpsCounter(average 12.21sec): total=5.57 fps, number-streams=1, per-stream=5.57 fps
FpsCounter(last 1.07sec): total=6.55 fps, number-streams=1, per-stream=6.55 fps
FpsCounter(average 13.28sec): total=5.65 fps, number-streams=1, per-stream=5.65 fps
FpsCounter(last 1.05sec): total=5.70 fps, number-streams=1, per-stream=5.70 fps
FpsCounter(average 14.34sec): total=5.65 fps, number-streams=1, per-stream=5.65 fps
FpsCounter(last 1.07sec): total=6.53 fps, number-streams=1, per-stream=6.53 fps
FpsCounter(average 15.41sec): total=5.71 fps, number-streams=1, per-stream=5.71 fps
FpsCounter(last 1.18sec): total=6.77 fps, number-streams=1, per-stream=6.77 fps
FpsCounter(average 16.59sec): total=5.79 fps, number-streams=1, per-stream=5.79 fps
FpsCounter(last 1.08sec): total=6.47 fps, number-streams=1, per-stream=6.47 fps
FpsCounter(average 17.67sec): total=5.83 fps, number-streams=1, per-stream=5.83 fps
FpsCounter(last 0.24sec): total=12.39 fps, number-streams=1, per-stream=12.39 fps
FpsCounter(overall 17.91sec): total=5.92 fps, number-streams=1, per-stream=5.92 fps
Got EOS from element "pipeline0".
Execution ended after 0:00:17.872110816
Setting pipeline to NULL ...
Freeing pipeline ...
