Setting pipeline to PAUSED ...
Pipeline is PREROLLING ...
Redistribute latency...
DRM_IOCTL_VERSION, unsupported drm device by media driver: nouv
DRM_IOCTL_VERSION, unsupported drm device by media driver: nouv
Got context from element 'vah264dec0': gst.va.display.handle=context, gst-display=(GstObject)"\(GstVaDisplayDrm\)\ vadisplaydrm2", description=(string)"Intel\(R\)\ Gen\ Graphics", path=(string)/dev/dri/renderD129;
Redistribute latency...
Redistribute latency...
Redistribute latency...
Pipeline is PREROLLED ...
Setting pipeline to PLAYING ...
Redistribute latency...
New clock: GstSystemClock
FpsCounter(last 1.42sec): total=2.81 fps, number-streams=1, per-stream=2.81 fps
FpsCounter(average 1.42sec): total=2.81 fps, number-streams=1, per-stream=2.81 fps
FpsCounter(last 1.44sec): total=1.39 fps, number-streams=1, per-stream=1.39 fps
FpsCounter(average 2.86sec): total=2.10 fps, number-streams=1, per-stream=2.10 fps
FpsCounter(last 1.03sec): total=1.94 fps, number-streams=1, per-stream=1.94 fps
FpsCounter(average 3.89sec): total=2.06 fps, number-streams=1, per-stream=2.06 fps
FpsCounter(last 1.36sec): total=1.47 fps, number-streams=1, per-stream=1.47 fps
FpsCounter(average 5.26sec): total=1.90 fps, number-streams=1, per-stream=1.90 fps
FpsCounter(last 1.18sec): total=1.69 fps, number-streams=1, per-stream=1.69 fps
FpsCounter(average 6.44sec): total=1.86 fps, number-streams=1, per-stream=1.86 fps
FpsCounter(last 1.32sec): total=1.52 fps, number-streams=1, per-stream=1.52 fps
FpsCounter(average 7.75sec): total=1.81 fps, number-streams=1, per-stream=1.81 fps
FpsCounter(last 1.51sec): total=1.98 fps, number-streams=1, per-stream=1.98 fps
FpsCounter(average 9.26sec): total=1.84 fps, number-streams=1, per-stream=1.84 fps
FpsCounter(last 1.17sec): total=1.71 fps, number-streams=1, per-stream=1.71 fps
FpsCounter(average 10.44sec): total=1.82 fps, number-streams=1, per-stream=1.82 fps
FpsCounter(last 1.16sec): total=1.73 fps, number-streams=1, per-stream=1.73 fps
FpsCounter(average 11.59sec): total=1.81 fps, number-streams=1, per-stream=1.81 fps
FpsCounter(last 1.35sec): total=1.49 fps, number-streams=1, per-stream=1.49 fps
FpsCounter(average 12.94sec): total=1.78 fps, number-streams=1, per-stream=1.78 fps
FpsCounter(last 1.23sec): total=1.63 fps, number-streams=1, per-stream=1.63 fps
FpsCounter(average 14.17sec): total=1.76 fps, number-streams=1, per-stream=1.76 fps
FpsCounter(last 1.42sec): total=1.41 fps, number-streams=1, per-stream=1.41 fps
FpsCounter(average 15.59sec): total=1.73 fps, number-streams=1, per-stream=1.73 fps
FpsCounter(last 1.49sec): total=1.34 fps, number-streams=1, per-stream=1.34 fps
FpsCounter(average 17.07sec): total=1.70 fps, number-streams=1, per-stream=1.70 fps
FpsCounter(last 1.10sec): total=1.82 fps, number-streams=1, per-stream=1.82 fps
FpsCounter(average 18.17sec): total=1.71 fps, number-streams=1, per-stream=1.71 fps
FpsCounter(last 1.20sec): total=1.67 fps, number-streams=1, per-stream=1.67 fps
FpsCounter(average 19.38sec): total=1.70 fps, number-streams=1, per-stream=1.70 fps
FpsCounter(last 1.15sec): total=1.74 fps, number-streams=1, per-stream=1.74 fps
FpsCounter(average 20.52sec): total=1.71 fps, number-streams=1, per-stream=1.71 fps
FpsCounter(last 1.26sec): total=1.58 fps, number-streams=1, per-stream=1.58 fps
FpsCounter(average 21.78sec): total=1.70 fps, number-streams=1, per-stream=1.70 fps
FpsCounter(last 1.30sec): total=1.54 fps, number-streams=1, per-stream=1.54 fps
FpsCounter(average 23.08sec): total=1.69 fps, number-streams=1, per-stream=1.69 fps
Redistribute latency...
FpsCounter(last 1.15sec): total=1.73 fps, number-streams=1, per-stream=1.73 fps
FpsCounter(average 24.26sec): total=1.69 fps, number-streams=1, per-stream=1.69 fps
FpsCounter(last 1.23sec): total=1.63 fps, number-streams=1, per-stream=1.63 fps
FpsCounter(average 25.48sec): total=1.69 fps, number-streams=1, per-stream=1.69 fps
FpsCounter(last 1.52sec): total=1.31 fps, number-streams=1, per-stream=1.31 fps
FpsCounter(average 26.99sec): total=1.67 fps, number-streams=1, per-stream=1.67 fps
FpsCounter(last 1.54sec): total=1.30 fps, number-streams=1, per-stream=1.30 fps
FpsCounter(average 28.53sec): total=1.65 fps, number-streams=1, per-stream=1.65 fps
FpsCounter(last 1.24sec): total=1.62 fps, number-streams=1, per-stream=1.62 fps
FpsCounter(average 29.77sec): total=1.65 fps, number-streams=1, per-stream=1.65 fps
