Setting pipeline to PAUSED ...
Pipeline is PREROLLING ...
Redistribute latency...
DRM_IOCTL_VERSION, unsupported drm device by media driver: nouv
DRM_IOCTL_VERSION, unsupported drm device by media driver: nouv
Got context from element 'vah264dec0': gst.va.display.handle=context, gst-display=(GstObject)"\(GstVaDisplayDrm\)\ vadisplaydrm2", description=(string)"Intel\(R\)\ Gen\ Graphics", path=(string)/dev/dri/renderD129;
Redistribute latency...
Redistribute latency...
Redistribute latency...
Pipeline is PREROLLED ...
Setting pipeline to PLAYING ...
New clock: GstSystemClock
Redistribute latency...
FpsCounter(last 1.50sec): total=2.67 fps, number-streams=1, per-stream=2.67 fps
FpsCounter(average 1.51sec): total=2.66 fps, number-streams=1, per-stream=2.66 fps
FpsCounter(last 1.24sec): total=1.62 fps, number-streams=1, per-stream=1.62 fps
FpsCounter(average 2.74sec): total=2.19 fps, number-streams=1, per-stream=2.19 fps
FpsCounter(last 1.47sec): total=2.04 fps, number-streams=1, per-stream=2.04 fps
FpsCounter(average 4.21sec): total=2.14 fps, number-streams=1, per-stream=2.14 fps
FpsCounter(last 1.11sec): total=1.79 fps, number-streams=1, per-stream=1.79 fps
FpsCounter(average 5.32sec): total=2.07 fps, number-streams=1, per-stream=2.07 fps
FpsCounter(last 1.11sec): total=1.80 fps, number-streams=1, per-stream=1.80 fps
FpsCounter(average 6.43sec): total=2.02 fps, number-streams=1, per-stream=2.02 fps
FpsCounter(last 1.57sec): total=1.27 fps, number-streams=1, per-stream=1.27 fps
FpsCounter(average 8.00sec): total=1.87 fps, number-streams=1, per-stream=1.87 fps
FpsCounter(last 1.16sec): total=1.72 fps, number-streams=1, per-stream=1.72 fps
FpsCounter(average 9.17sec): total=1.85 fps, number-streams=1, per-stream=1.85 fps
FpsCounter(last 1.28sec): total=1.56 fps, number-streams=1, per-stream=1.56 fps
FpsCounter(average 10.46sec): total=1.82 fps, number-streams=1, per-stream=1.82 fps
FpsCounter(last 1.35sec): total=1.48 fps, number-streams=1, per-stream=1.48 fps
FpsCounter(average 11.80sec): total=1.78 fps, number-streams=1, per-stream=1.78 fps
FpsCounter(last 1.34sec): total=1.49 fps, number-streams=1, per-stream=1.49 fps
FpsCounter(average 13.14sec): total=1.75 fps, number-streams=1, per-stream=1.75 fps
FpsCounter(last 1.38sec): total=1.45 fps, number-streams=1, per-stream=1.45 fps
FpsCounter(average 14.52sec): total=1.72 fps, number-streams=1, per-stream=1.72 fps
FpsCounter(last 1.61sec): total=1.24 fps, number-streams=1, per-stream=1.24 fps
FpsCounter(average 16.14sec): total=1.67 fps, number-streams=1, per-stream=1.67 fps
FpsCounter(last 1.21sec): total=1.65 fps, number-streams=1, per-stream=1.65 fps
FpsCounter(average 17.34sec): total=1.67 fps, number-streams=1, per-stream=1.67 fps
FpsCounter(last 1.30sec): total=1.54 fps, number-streams=1, per-stream=1.54 fps
FpsCounter(average 18.64sec): total=1.66 fps, number-streams=1, per-stream=1.66 fps
FpsCounter(last 1.21sec): total=1.66 fps, number-streams=1, per-stream=1.66 fps
FpsCounter(average 19.85sec): total=1.66 fps, number-streams=1, per-stream=1.66 fps
FpsCounter(last 1.15sec): total=1.74 fps, number-streams=1, per-stream=1.74 fps
FpsCounter(average 20.99sec): total=1.67 fps, number-streams=1, per-stream=1.67 fps
FpsCounter(last 1.37sec): total=2.20 fps, number-streams=1, per-stream=2.20 fps
FpsCounter(average 22.36sec): total=1.70 fps, number-streams=1, per-stream=1.70 fps
FpsCounter(last 1.15sec): total=1.73 fps, number-streams=1, per-stream=1.73 fps
FpsCounter(average 23.52sec): total=1.70 fps, number-streams=1, per-stream=1.70 fps
FpsCounter(last 1.07sec): total=1.87 fps, number-streams=1, per-stream=1.87 fps
FpsCounter(average 24.58sec): total=1.71 fps, number-streams=1, per-stream=1.71 fps
FpsCounter(last 1.01sec): total=1.99 fps, number-streams=1, per-stream=1.99 fps
FpsCounter(average 25.59sec): total=1.72 fps, number-streams=1, per-stream=1.72 fps
