Setting pipeline to PAUSED ...
Pipeline is PREROLLING ...
Redistribute latency...
DRM_IOCTL_VERSION, unsupported drm device by media driver: nouv
DRM_IOCTL_VERSION, unsupported drm device by media driver: nouv
Got context from element 'vah264dec0': gst.va.display.handle=context, gst-display=(GstObject)"\(GstVaDisplayDrm\)\ vadisplaydrm2", description=(string)"Intel\(R\)\ Gen\ Graphics", path=(string)/dev/dri/renderD129;
Redistribute latency...
Redistribute latency...
Redistribute latency...
Pipeline is PREROLLED ...
Setting pipeline to PLAYING ...
Redistribute latency...
New clock: GstSystemClock
FpsCounter(last 1.06sec): total=9.42 fps, number-streams=1, per-stream=9.42 fps
FpsCounter(average 1.06sec): total=9.42 fps, number-streams=1, per-stream=9.42 fps
FpsCounter(last 1.02sec): total=5.91 fps, number-streams=1, per-stream=5.91 fps
FpsCounter(average 2.08sec): total=7.70 fps, number-streams=1, per-stream=7.70 fps
FpsCounter(last 1.05sec): total=6.68 fps, number-streams=1, per-stream=6.68 fps
FpsCounter(average 3.12sec): total=7.36 fps, number-streams=1, per-stream=7.36 fps
FpsCounter(last 1.27sec): total=2.37 fps, number-streams=1, per-stream=2.37 fps
FpsCounter(average 4.40sec): total=5.91 fps, number-streams=1, per-stream=5.91 fps
FpsCounter(last 1.19sec): total=3.37 fps, number-streams=1, per-stream=3.37 fps
FpsCounter(average 5.59sec): total=5.37 fps, number-streams=1, per-stream=5.37 fps
FpsCounter(last 1.21sec): total=3.30 fps, number-streams=1, per-stream=3.30 fps
FpsCounter(average 6.79sec): total=5.01 fps, number-streams=1, per-stream=5.01 fps
FpsCounter(last 1.15sec): total=3.48 fps, number-streams=1, per-stream=3.48 fps
FpsCounter(average 7.94sec): total=4.78 fps, number-streams=1, per-stream=4.78 fps
FpsCounter(last 1.05sec): total=3.82 fps, number-streams=1, per-stream=3.82 fps
FpsCounter(average 8.99sec): total=4.67 fps, number-streams=1, per-stream=4.67 fps
FpsCounter(last 1.25sec): total=3.20 fps, number-streams=1, per-stream=3.20 fps
FpsCounter(average 10.24sec): total=4.49 fps, number-streams=1, per-stream=4.49 fps
FpsCounter(last 1.05sec): total=2.85 fps, number-streams=1, per-stream=2.85 fps
FpsCounter(average 11.29sec): total=4.34 fps, number-streams=1, per-stream=4.34 fps
FpsCounter(last 1.28sec): total=3.13 fps, number-streams=1, per-stream=3.13 fps
FpsCounter(average 12.57sec): total=4.22 fps, number-streams=1, per-stream=4.22 fps
FpsCounter(last 1.25sec): total=3.99 fps, number-streams=1, per-stream=3.99 fps
FpsCounter(average 13.83sec): total=4.19 fps, number-streams=1, per-stream=4.19 fps
FpsCounter(last 1.10sec): total=3.64 fps, number-streams=1, per-stream=3.64 fps
FpsCounter(average 14.92sec): total=4.16 fps, number-streams=1, per-stream=4.16 fps
FpsCounter(last 1.03sec): total=4.83 fps, number-streams=1, per-stream=4.83 fps
FpsCounter(average 15.96sec): total=4.20 fps, number-streams=1, per-stream=4.20 fps
FpsCounter(last 1.13sec): total=5.33 fps, number-streams=1, per-stream=5.33 fps
FpsCounter(average 17.08sec): total=4.27 fps, number-streams=1, per-stream=4.27 fps
FpsCounter(last 1.03sec): total=4.84 fps, number-streams=1, per-stream=4.84 fps
FpsCounter(average 18.11sec): total=4.31 fps, number-streams=1, per-stream=4.31 fps
FpsCounter(last 1.05sec): total=5.72 fps, number-streams=1, per-stream=5.72 fps
FpsCounter(average 19.17sec): total=4.38 fps, number-streams=1, per-stream=4.38 fps
FpsCounter(last 1.04sec): total=3.86 fps, number-streams=1, per-stream=3.86 fps
FpsCounter(average 20.20sec): total=4.36 fps, number-streams=1, per-stream=4.36 fps
FpsCounter(last 1.13sec): total=5.32 fps, number-streams=1, per-stream=5.32 fps
FpsCounter(average 21.33sec): total=4.41 fps, number-streams=1, per-stream=4.41 fps
FpsCounter(last 1.04sec): total=6.72 fps, number-streams=1, per-stream=6.72 fps
FpsCounter(average 22.37sec): total=4.52 fps, number-streams=1, per-stream=4.52 fps
FpsCounter(last 1.09sec): total=4.59 fps, number-streams=1, per-stream=4.59 fps
FpsCounter(average 23.46sec): total=4.52 fps, number-streams=1, per-stream=4.52 fps
FpsCounter(last 1.03sec): total=4.85 fps, number-streams=1, per-stream=4.85 fps
FpsCounter(average 24.49sec): total=4.53 fps, number-streams=1, per-stream=4.53 fps
FpsCounter(last 1.19sec): total=5.03 fps, number-streams=1, per-stream=5.03 fps
FpsCounter(average 25.69sec): total=4.55 fps, number-streams=1, per-stream=4.55 fps
FpsCounter(last 1.06sec): total=5.67 fps, number-streams=1, per-stream=5.67 fps
FpsCounter(average 26.75sec): total=4.60 fps, number-streams=1, per-stream=4.60 fps
FpsCounter(last 1.08sec): total=6.48 fps, number-streams=1, per-stream=6.48 fps
FpsCounter(average 27.83sec): total=4.67 fps, number-streams=1, per-stream=4.67 fps
FpsCounter(last 1.27sec): total=6.29 fps, number-streams=1, per-stream=6.29 fps
FpsCounter(average 29.09sec): total=4.74 fps, number-streams=1, per-stream=4.74 fps
FpsCounter(last 1.00sec): total=5.99 fps, number-streams=1, per-stream=5.99 fps
FpsCounter(average 30.09sec): total=4.78 fps, number-streams=1, per-stream=4.78 fps
