Setting pipeline to PAUSED ...
Pipeline is PREROLLING ...
Redistribute latency...
DRM_IOCTL_VERSION, unsupported drm device by media driver: nouv
DRM_IOCTL_VERSION, unsupported drm device by media driver: nouv
Got context from element 'vah264dec0': gst.va.display.handle=context, gst-display=(GstObject)"\(GstVaDisplayDrm\)\ vadisplaydrm2", description=(string)"Intel\(R\)\ Gen\ Graphics", path=(string)/dev/dri/renderD129;
Redistribute latency...
Redistribute latency...
Redistribute latency...
Pipeline is PREROLLED ...
Setting pipeline to PLAYING ...
New clock: GstSystemClock
Redistribute latency...
FpsCounter(last 1.23sec): total=3.24 fps, number-streams=1, per-stream=3.24 fps
FpsCounter(average 1.23sec): total=3.24 fps, number-streams=1, per-stream=3.24 fps
FpsCounter(last 2.13sec): total=1.41 fps, number-streams=1, per-stream=1.41 fps
FpsCounter(average 3.36sec): total=2.08 fps, number-streams=1, per-stream=2.08 fps
FpsCounter(last 1.26sec): total=1.59 fps, number-streams=1, per-stream=1.59 fps
FpsCounter(average 4.62sec): total=1.95 fps, number-streams=1, per-stream=1.95 fps
FpsCounter(last 1.17sec): total=1.71 fps, number-streams=1, per-stream=1.71 fps
FpsCounter(average 5.82sec): total=1.89 fps, number-streams=1, per-stream=1.89 fps
FpsCounter(last 1.01sec): total=1.97 fps, number-streams=1, per-stream=1.97 fps
FpsCounter(average 7.37sec): total=1.90 fps, number-streams=1, per-stream=1.90 fps
FpsCounter(last 1.44sec): total=2.09 fps, number-streams=1, per-stream=2.09 fps
FpsCounter(average 8.71sec): total=1.95 fps, number-streams=1, per-stream=1.95 fps
FpsCounter(last 1.36sec): total=2.21 fps, number-streams=1, per-stream=2.21 fps
FpsCounter(average 9.99sec): total=2.00 fps, number-streams=1, per-stream=2.00 fps
FpsCounter(last 1.35sec): total=2.22 fps, number-streams=1, per-stream=2.22 fps
FpsCounter(average 11.47sec): total=2.01 fps, number-streams=1, per-stream=2.01 fps
FpsCounter(last 1.33sec): total=2.25 fps, number-streams=1, per-stream=2.25 fps
FpsCounter(average 12.71sec): total=2.05 fps, number-streams=1, per-stream=2.05 fps
FpsCounter(last 1.32sec): total=2.28 fps, number-streams=1, per-stream=2.28 fps
FpsCounter(average 14.11sec): total=2.05 fps, number-streams=1, per-stream=2.05 fps
FpsCounter(last 1.53sec): total=1.97 fps, number-streams=1, per-stream=1.97 fps
FpsCounter(average 15.14sec): total=2.05 fps, number-streams=1, per-stream=2.05 fps
FpsCounter(last 1.30sec): total=2.30 fps, number-streams=1, per-stream=2.30 fps
FpsCounter(average 16.45sec): total=2.07 fps, number-streams=1, per-stream=2.07 fps
FpsCounter(last 1.35sec): total=2.22 fps, number-streams=1, per-stream=2.22 fps
FpsCounter(average 17.78sec): total=2.08 fps, number-streams=1, per-stream=2.08 fps
FpsCounter(last 1.04sec): total=1.93 fps, number-streams=1, per-stream=1.93 fps
FpsCounter(average 18.83sec): total=2.07 fps, number-streams=1, per-stream=2.07 fps
FpsCounter(last 1.49sec): total=2.02 fps, number-streams=1, per-stream=2.02 fps
FpsCounter(average 20.31sec): total=2.07 fps, number-streams=1, per-stream=2.07 fps
FpsCounter(last 1.21sec): total=2.47 fps, number-streams=1, per-stream=2.47 fps
FpsCounter(average 21.53sec): total=2.09 fps, number-streams=1, per-stream=2.09 fps
FpsCounter(last 1.16sec): total=2.59 fps, number-streams=1, per-stream=2.59 fps
FpsCounter(average 22.68sec): total=2.12 fps, number-streams=1, per-stream=2.12 fps
FpsCounter(last 1.48sec): total=1.35 fps, number-streams=1, per-stream=1.35 fps
FpsCounter(average 24.16sec): total=2.07 fps, number-streams=1, per-stream=2.07 fps
FpsCounter(last 1.30sec): total=2.31 fps, number-streams=1, per-stream=2.31 fps
FpsCounter(average 25.46sec): total=2.08 fps, number-streams=1, per-stream=2.08 fps
FpsCounter(last 1.36sec): total=2.20 fps, number-streams=1, per-stream=2.20 fps
FpsCounter(average 26.82sec): total=2.09 fps, number-streams=1, per-stream=2.09 fps
Redistribute latency...
FpsCounter(last 1.10sec): total=2.74 fps, number-streams=1, per-stream=2.74 fps
FpsCounter(average 27.92sec): total=2.11 fps, number-streams=1, per-stream=2.11 fps
FpsCounter(last 1.49sec): total=2.01 fps, number-streams=1, per-stream=2.01 fps
FpsCounter(average 29.41sec): total=2.11 fps, number-streams=1, per-stream=2.11 fps
