Setting pipeline to PAUSED ...
Pipeline is PREROLLING ...
Redistribute latency...
DRM_IOCTL_VERSION, unsupported drm device by media driver: nouv
DRM_IOCTL_VERSION, unsupported drm device by media driver: nouv
Got context from element 'vah264dec0': gst.va.display.handle=context, gst-display=(GstObject)"\(GstVaDisplayDrm\)\ vadisplaydrm2", description=(string)"Intel\(R\)\ Gen\ Graphics", path=(string)/dev/dri/renderD129;
Redistribute latency...
Redistribute latency...
Redistribute latency...
Pipeline is PREROLLED ...
Setting pipeline to PLAYING ...
Redistribute latency...
New clock: GstSystemClock
FpsCounter(last 1.04sec): total=21.19 fps, number-streams=1, per-stream=21.19 fps
FpsCounter(average 1.04sec): total=21.19 fps, number-streams=1, per-stream=21.19 fps
FpsCounter(last 1.05sec): total=21.01 fps, number-streams=1, per-stream=21.01 fps
FpsCounter(average 2.09sec): total=21.10 fps, number-streams=1, per-stream=21.10 fps
FpsCounter(last 1.04sec): total=19.22 fps, number-streams=1, per-stream=19.22 fps
FpsCounter(average 3.13sec): total=20.47 fps, number-streams=1, per-stream=20.47 fps
FpsCounter(last 1.03sec): total=20.43 fps, number-streams=1, per-stream=20.43 fps
FpsCounter(average 4.15sec): total=20.46 fps, number-streams=1, per-stream=20.46 fps
FpsCounter(last 1.01sec): total=17.81 fps, number-streams=1, per-stream=17.81 fps
FpsCounter(average 5.16sec): total=19.94 fps, number-streams=1, per-stream=19.94 fps
FpsCounter(last 1.01sec): total=21.84 fps, number-streams=1, per-stream=21.84 fps
FpsCounter(average 6.18sec): total=20.24 fps, number-streams=1, per-stream=20.24 fps
FpsCounter(last 1.01sec): total=22.69 fps, number-streams=1, per-stream=22.69 fps
FpsCounter(average 7.19sec): total=20.60 fps, number-streams=1, per-stream=20.60 fps
FpsCounter(last 1.04sec): total=23.92 fps, number-streams=1, per-stream=23.92 fps
FpsCounter(average 8.23sec): total=21.02 fps, number-streams=1, per-stream=21.02 fps
FpsCounter(last 1.01sec): total=23.68 fps, number-streams=1, per-stream=23.68 fps
FpsCounter(average 9.24sec): total=21.31 fps, number-streams=1, per-stream=21.31 fps
FpsCounter(last 1.02sec): total=22.61 fps, number-streams=1, per-stream=22.61 fps
FpsCounter(average 10.26sec): total=21.44 fps, number-streams=1, per-stream=21.44 fps
FpsCounter(last 1.02sec): total=24.51 fps, number-streams=1, per-stream=24.51 fps
FpsCounter(average 11.28sec): total=21.72 fps, number-streams=1, per-stream=21.72 fps
FpsCounter(last 1.03sec): total=23.34 fps, number-streams=1, per-stream=23.34 fps
FpsCounter(average 12.31sec): total=21.85 fps, number-streams=1, per-stream=21.85 fps
FpsCounter(last 1.03sec): total=23.19 fps, number-streams=1, per-stream=23.19 fps
FpsCounter(average 13.34sec): total=21.96 fps, number-streams=1, per-stream=21.96 fps
FpsCounter(last 1.03sec): total=22.31 fps, number-streams=1, per-stream=22.31 fps
FpsCounter(average 14.38sec): total=21.98 fps, number-streams=1, per-stream=21.98 fps
FpsCounter(last 1.03sec): total=19.42 fps, number-streams=1, per-stream=19.42 fps
FpsCounter(average 15.41sec): total=21.81 fps, number-streams=1, per-stream=21.81 fps
FpsCounter(last 0.84sec): total=24.86 fps, number-streams=1, per-stream=24.86 fps
FpsCounter(overall 16.25sec): total=21.97 fps, number-streams=1, per-stream=21.97 fps
Got EOS from element "pipeline0".
Execution ended after 0:00:16.215573781
Setting pipeline to NULL ...
Freeing pipeline ...
