Setting pipeline to PAUSED ...
Pipeline is PREROLLING ...
Redistribute latency...
DRM_IOCTL_VERSION, unsupported drm device by media driver: nouv
DRM_IOCTL_VERSION, unsupported drm device by media driver: nouv
Got context from element 'vah264dec0': gst.va.display.handle=context, gst-display=(GstObject)"\(GstVaDisplayDrm\)\ vadisplaydrm2", description=(string)"Intel\(R\)\ Gen\ Graphics", path=(string)/dev/dri/renderD129;
Redistribute latency...
Redistribute latency...
Redistribute latency...
Pipeline is PREROLLED ...
Setting pipeline to PLAYING ...
Redistribute latency...
New clock: GstSystemClock
FpsCounter(last 1.18sec): total=1.69 fps, number-streams=1, per-stream=1.69 fps
FpsCounter(average 1.18sec): total=1.69 fps, number-streams=1, per-stream=1.69 fps
Redistribute latency...
FpsCounter(last 1.08sec): total=4.63 fps, number-streams=1, per-stream=4.63 fps
FpsCounter(average 2.28sec): total=3.07 fps, number-streams=1, per-stream=3.07 fps
Redistribute latency...
FpsCounter(last 1.06sec): total=5.66 fps, number-streams=1, per-stream=5.66 fps
FpsCounter(average 3.32sec): total=3.91 fps, number-streams=1, per-stream=3.91 fps
FpsCounter(last 1.09sec): total=5.53 fps, number-streams=1, per-stream=5.53 fps
FpsCounter(average 4.42sec): total=4.30 fps, number-streams=1, per-stream=4.30 fps
FpsCounter(last 1.11sec): total=5.39 fps, number-streams=1, per-stream=5.39 fps
FpsCounter(average 5.52sec): total=4.53 fps, number-streams=1, per-stream=4.53 fps
FpsCounter(last 1.12sec): total=8.03 fps, number-streams=1, per-stream=8.03 fps
FpsCounter(average 6.64sec): total=5.12 fps, number-streams=1, per-stream=5.12 fps
FpsCounter(last 1.12sec): total=6.24 fps, number-streams=1, per-stream=6.24 fps
FpsCounter(average 7.76sec): total=5.28 fps, number-streams=1, per-stream=5.28 fps
FpsCounter(last 1.04sec): total=3.83 fps, number-streams=1, per-stream=3.83 fps
FpsCounter(average 8.81sec): total=5.11 fps, number-streams=1, per-stream=5.11 fps
FpsCounter(last 1.11sec): total=4.52 fps, number-streams=1, per-stream=4.52 fps
FpsCounter(average 9.91sec): total=5.04 fps, number-streams=1, per-stream=5.04 fps
FpsCounter(last 1.11sec): total=4.50 fps, number-streams=1, per-stream=4.50 fps
FpsCounter(average 11.03sec): total=4.99 fps, number-streams=1, per-stream=4.99 fps
FpsCounter(last 1.02sec): total=5.90 fps, number-streams=1, per-stream=5.90 fps
FpsCounter(average 12.04sec): total=5.06 fps, number-streams=1, per-stream=5.06 fps
FpsCounter(last 1.05sec): total=5.71 fps, number-streams=1, per-stream=5.71 fps
FpsCounter(average 13.09sec): total=5.12 fps, number-streams=1, per-stream=5.12 fps
FpsCounter(last 1.01sec): total=4.97 fps, number-streams=1, per-stream=4.97 fps
FpsCounter(average 14.10sec): total=5.11 fps, number-streams=1, per-stream=5.11 fps
FpsCounter(last 1.33sec): total=3.01 fps, number-streams=1, per-stream=3.01 fps
FpsCounter(average 15.43sec): total=4.92 fps, number-streams=1, per-stream=4.92 fps
FpsCounter(last 1.01sec): total=2.96 fps, number-streams=1, per-stream=2.96 fps
FpsCounter(average 16.44sec): total=4.80 fps, number-streams=1, per-stream=4.80 fps
FpsCounter(last 1.16sec): total=1.72 fps, number-streams=1, per-stream=1.72 fps
FpsCounter(average 17.61sec): total=4.60 fps, number-streams=1, per-stream=4.60 fps
FpsCounter(last 1.48sec): total=2.03 fps, number-streams=1, per-stream=2.03 fps
FpsCounter(average 19.08sec): total=4.40 fps, number-streams=1, per-stream=4.40 fps
FpsCounter(last 1.11sec): total=2.70 fps, number-streams=1, per-stream=2.70 fps
FpsCounter(average 20.20sec): total=4.31 fps, number-streams=1, per-stream=4.31 fps
FpsCounter(last 1.24sec): total=3.23 fps, number-streams=1, per-stream=3.23 fps
FpsCounter(average 21.44sec): total=4.24 fps, number-streams=1, per-stream=4.24 fps
FpsCounter(last 1.02sec): total=5.86 fps, number-streams=1, per-stream=5.86 fps
FpsCounter(average 22.46sec): total=4.32 fps, number-streams=1, per-stream=4.32 fps
FpsCounter(last 1.22sec): total=6.54 fps, number-streams=1, per-stream=6.54 fps
FpsCounter(average 23.69sec): total=4.43 fps, number-streams=1, per-stream=4.43 fps
FpsCounter(last 1.06sec): total=6.58 fps, number-streams=1, per-stream=6.58 fps
FpsCounter(average 24.75sec): total=4.53 fps, number-streams=1, per-stream=4.53 fps
FpsCounter(last 1.08sec): total=5.57 fps, number-streams=1, per-stream=5.57 fps
FpsCounter(average 25.83sec): total=4.57 fps, number-streams=1, per-stream=4.57 fps
FpsCounter(last 1.10sec): total=6.35 fps, number-streams=1, per-stream=6.35 fps
FpsCounter(average 26.93sec): total=4.64 fps, number-streams=1, per-stream=4.64 fps
FpsCounter(last 1.12sec): total=6.27 fps, number-streams=1, per-stream=6.27 fps
FpsCounter(average 28.04sec): total=4.71 fps, number-streams=1, per-stream=4.71 fps
