Setting pipeline to PAUSED ...
Pipeline is PREROLLING ...
Redistribute latency...
DRM_IOCTL_VERSION, unsupported drm device by media driver: nouv
DRM_IOCTL_VERSION, unsupported drm device by media driver: nouv
Got context from element 'vah264dec0': gst.va.display.handle=context, gst-display=(GstObject)"\(GstVaDisplayDrm\)\ vadisplaydrm2", description=(string)"Intel\(R\)\ Gen\ Graphics", path=(string)/dev/dri/renderD129;
Redistribute latency...
Redistribute latency...
Redistribute latency...
Pipeline is PREROLLED ...
Setting pipeline to PLAYING ...
Redistribute latency...
New clock: GstSystemClock
FpsCounter(last 1.01sec): total=6.93 fps, number-streams=1, per-stream=6.93 fps
FpsCounter(average 1.01sec): total=6.92 fps, number-streams=1, per-stream=6.92 fps
FpsCounter(last 1.22sec): total=4.10 fps, number-streams=1, per-stream=4.10 fps
FpsCounter(average 2.23sec): total=5.38 fps, number-streams=1, per-stream=5.38 fps
FpsCounter(last 1.01sec): total=4.96 fps, number-streams=1, per-stream=4.96 fps
FpsCounter(average 3.24sec): total=5.25 fps, number-streams=1, per-stream=5.25 fps
FpsCounter(last 1.05sec): total=4.75 fps, number-streams=1, per-stream=4.75 fps
FpsCounter(average 4.29sec): total=5.13 fps, number-streams=1, per-stream=5.13 fps
FpsCounter(last 1.13sec): total=5.29 fps, number-streams=1, per-stream=5.29 fps
FpsCounter(average 5.42sec): total=5.16 fps, number-streams=1, per-stream=5.16 fps
FpsCounter(last 1.08sec): total=4.63 fps, number-streams=1, per-stream=4.63 fps
FpsCounter(average 6.50sec): total=5.07 fps, number-streams=1, per-stream=5.07 fps
FpsCounter(last 1.05sec): total=4.77 fps, number-streams=1, per-stream=4.77 fps
FpsCounter(average 7.55sec): total=5.03 fps, number-streams=1, per-stream=5.03 fps
FpsCounter(last 1.06sec): total=4.70 fps, number-streams=1, per-stream=4.70 fps
FpsCounter(average 8.62sec): total=4.99 fps, number-streams=1, per-stream=4.99 fps
FpsCounter(last 1.15sec): total=4.33 fps, number-streams=1, per-stream=4.33 fps
FpsCounter(average 9.77sec): total=4.91 fps, number-streams=1, per-stream=4.91 fps
FpsCounter(last 1.06sec): total=4.70 fps, number-streams=1, per-stream=4.70 fps
FpsCounter(average 10.83sec): total=4.89 fps, number-streams=1, per-stream=4.89 fps
Redistribute latency...
FpsCounter(last 1.03sec): total=3.88 fps, number-streams=1, per-stream=3.88 fps
FpsCounter(average 11.87sec): total=4.80 fps, number-streams=1, per-stream=4.80 fps
FpsCounter(last 1.13sec): total=4.43 fps, number-streams=1, per-stream=4.43 fps
FpsCounter(average 12.99sec): total=4.77 fps, number-streams=1, per-stream=4.77 fps
FpsCounter(last 1.02sec): total=4.90 fps, number-streams=1, per-stream=4.90 fps
FpsCounter(average 14.01sec): total=4.78 fps, number-streams=1, per-stream=4.78 fps
FpsCounter(last 1.05sec): total=3.81 fps, number-streams=1, per-stream=3.81 fps
FpsCounter(average 15.07sec): total=4.71 fps, number-streams=1, per-stream=4.71 fps
FpsCounter(last 1.22sec): total=3.29 fps, number-streams=1, per-stream=3.29 fps
FpsCounter(average 16.28sec): total=4.61 fps, number-streams=1, per-stream=4.61 fps
FpsCounter(last 1.11sec): total=2.71 fps, number-streams=1, per-stream=2.71 fps
FpsCounter(average 17.38sec): total=4.49 fps, number-streams=1, per-stream=4.49 fps
FpsCounter(last 1.03sec): total=2.90 fps, number-streams=1, per-stream=2.90 fps
FpsCounter(average 18.42sec): total=4.40 fps, number-streams=1, per-stream=4.40 fps
FpsCounter(last 0.73sec): total=5.49 fps, number-streams=1, per-stream=5.49 fps
FpsCounter(overall 19.15sec): total=4.44 fps, number-streams=1, per-stream=4.44 fps
Got EOS from element "pipeline0".
Execution ended after 0:00:19.108913758
Setting pipeline to NULL ...
Freeing pipeline ...
